// Jest Snapshot v1, https://goo.gl/fbAQLP

exports[`Navbar component should render a component 1`] = `""`;
